== rose-topdown (arrow-2)
saved logos/candidates/rose-topdown.svg  in=716 out=3866  est $0.0802
== rose-one-stroke (arrow-2)
saved logos/candidates/rose-one-stroke.svg  in=716 out=3404  est $0.0709
== rose-soundwave (arrow-2)
saved logos/candidates/rose-soundwave.svg  in=716 out=3674  est $0.0763
== rosary-loop (arrow-2)
saved logos/candidates/rosary-loop.svg  in=717 out=3872  est $0.0803
== rosary-r (arrow-2)
saved logos/candidates/rosary-r.svg  in=716 out=3743  est $0.0777
== monogram-r-rose (arrow-2)
saved logos/candidates/monogram-r-rose.svg  in=716 out=3005  est $0.0630
== dial-rose (arrow-2)
saved logos/candidates/dial-rose.svg  in=716 out=3832  est $0.0795
== handset-rose (arrow-2)
saved logos/candidates/handset-rose.svg  in=716 out=3507  est $0.0730
== bubble-rose (arrow-2)
saved logos/candidates/bubble-rose.svg  in=715 out=3402  est $0.0709
== rose-window (arrow-2)
saved logos/candidates/rose-window.svg  in=716 out=4108  est $0.0850
== petal-waveform (arrow-2)
saved logos/candidates/petal-waveform.svg  in=716 out=3820  est $0.0793
== wordmark-rosario (arrow-2)
saved logos/candidates/wordmark-rosario.svg  in=717 out=4041  est $0.0837
done.
