== hair-spiral (arrow-2-telos)
saved logos/round5/hair-spiral.svg  in=478 out=2750  est $0.0854
== hair-moire (arrow-2-telos)
saved logos/round5/hair-moire.svg  in=478 out=2381  est $0.0743
== hair-dial-rose (arrow-2-telos)
saved logos/round5/hair-dial-rose.svg  in=478 out=3956  est $0.1215
== hair-wave-rose (arrow-2-telos)
saved logos/round5/hair-wave-rose.svg  in=478 out=2215  est $0.0693
== hair-r (arrow-2-telos)
saved logos/round5/hair-r.svg  in=477 out=2148  est $0.0673
== mono-rosary-r (arrow-2-telos)
saved logos/round5/mono-rosary-r.svg  in=478 out=2297  est $0.0718
== mono-bud-stem (arrow-2-telos)
saved logos/round5/mono-bud-stem.svg  in=478 out=2474  est $0.0771
== mono-rose-open (arrow-2-telos)
saved logos/round5/mono-rose-open.svg  in=477 out=2648  est $0.0823
== mono-handset-loop (arrow-2-telos)
saved logos/round5/mono-handset-loop.svg  in=477 out=2947  est $0.0913
== abstract-turns (arrow-2-telos)
saved logos/round5/abstract-turns.svg  in=477 out=2469  est $0.0769
== abstract-dial-slice (arrow-2-telos)
saved logos/round5/abstract-dial-slice.svg  in=477 out=1878  est $0.0592
== abstract-bead-arc (arrow-2-telos)
saved logos/round5/abstract-bead-arc.svg  in=477 out=1935  est $0.0609
== petal-dot-ring (arrow-2-telos)
saved logos/round5/petal-dot-ring.svg  in=478 out=3850  est $0.1184
== rosette-thin (arrow-2-telos)
saved logos/round5/rosette-thin.svg  in=477 out=3871  est $0.1190
== knot-rose-thin (arrow-2-telos)
saved logos/round5/knot-rose-thin.svg  in=477 out=4917  est $0.1504
== rose-cutout-circle (arrow-2-telos)
saved logos/round5/rose-cutout-circle.svg  in=477 out=3328  est $0.1027
done.
