== mono-knot-rose (arrow-2-telos)
saved logos/round4/mono-knot-rose.svg  in=478 out=3226  est $0.0996
== mono-cord-rose (arrow-2-telos)
saved logos/round4/mono-cord-rose.svg  in=477 out=3556  est $0.1095
== mono-wave-loop (arrow-2-telos)
saved logos/round4/mono-wave-loop.svg  in=477 out=3560  est $0.1097
== mono-double-ring (arrow-2-telos)
saved logos/round4/mono-double-ring.svg  in=478 out=4052  est $0.1244
== mono-thorn-stem (arrow-2-telos)
saved logos/round4/mono-thorn-stem.svg  in=478 out=3160  est $0.0977
== fingerprint-rose (arrow-2-telos)
saved logos/round4/fingerprint-rose.svg  in=477 out=7095  est $0.2157
== keypad-rose (arrow-2-telos)
saved logos/round4/keypad-rose.svg  in=477 out=2282  est $0.0713
== clock-rose (arrow-2-telos)
saved logos/round4/clock-rose.svg  in=477 out=4614  est $0.1413
== calendar-rose (arrow-2-telos)
saved logos/round4/calendar-rose.svg  in=477 out=3078  est $0.0952
== bell-rose (arrow-2-telos)
saved logos/round4/bell-rose.svg  in=477 out=2930  est $0.0908
== ellipsis-rose (arrow-2-telos)
saved logos/round4/ellipsis-rose.svg  in=477 out=2903  est $0.0900
== venn-rose (arrow-2-telos)
saved logos/round4/venn-rose.svg  in=477 out=2744  est $0.0852
== slit-disc (arrow-2-telos)
saved logos/round4/slit-disc.svg  in=477 out=2202  est $0.0689
== square-rose (arrow-2-telos)
saved logos/round4/square-rose.svg  in=477 out=2673  est $0.0831
== isometric-rose (arrow-2-telos)
saved logos/round4/isometric-rose.svg  in=477 out=2442  est $0.0761
== pixel-rose (arrow-2-telos)
saved logos/round4/pixel-rose.svg  in=477 out=5304  est $0.1620
== moire-rose (arrow-2-telos)
saved logos/round4/moire-rose.svg  in=478 out=3303  est $0.1020
== half-rose-dial (arrow-2-telos)
saved logos/round4/half-rose-dial.svg  in=478 out=3165  est $0.0978
== petal-handset (arrow-2-telos)
saved logos/round4/petal-handset.svg  in=477 out=3285  est $0.1014
== rose-r-negative (arrow-2-telos)
saved logos/round4/rose-r-negative.svg  in=477 out=2940  est $0.0911
== orbit-rose (arrow-2-telos)
saved logos/round4/orbit-rose.svg  in=477 out=2951  est $0.0914
== stamp-rose (arrow-2-telos)
saved logos/round4/stamp-rose.svg  in=477 out=5827  est $0.1777
== wave-petals (arrow-2-telos)
saved logos/round4/wave-petals.svg  in=477 out=5042  est $0.1541
== knot-r (arrow-2-telos)
saved logos/round4/knot-r.svg  in=478 out=3060  est $0.0947
done.
